// Jest Snapshot v1, https://goo.gl/fbAQLP

exports[`userList renders a snapshot properly 1`] = `
<div>
  <h4
    className="box title is-4"
  >
    michael
  </h4>
  <h4
    className="box title is-4"
  >
    jonny1
  </h4>
</div>
`;
